   1:     -	0005          				.org 5h
   2:    0+4	0005  79      				ld a,c
   3:    4+7	0006  FE02    				cp 2h
   4:   11+10+7	0008  CC1600  				call z,charout
   5:   21+7	000B  FE09    				cp 9h
   6:   28+10+7	000D  CC1E00  				call z,strout
   7:   38+7	0010  FE03    				cp 3h
   8:   45+10+7	0012  CC1A00  				call z,byteout	
   9:   55+10	0015  C9      				ret
  10:     -	0016          	charout:	
  11:   65+4	0016  7B      				ld a,e
  12:   69+11	0017  D300    				out (0),a
  13:   80+10	0019  C9      				ret
  14:     -	001A          	byteout:
  15:   90+4	001A  7B      				ld a,e
  16:   94+11	001B  D301    				out (1),a
  17:  105+10	001D  C9      				ret
  18:     -	001E          	strout:		
  19:  115+11	001E  E5      				push hl
  20:  126+11	001F  D5      				push de
  21:  137+10	0020  E1      				pop hl
  22:     -	0021          	loop:		
  23:  147+7	0021  7E      				ld a,(hl)
  24:  154+7	0022  FE24    				cp 24h
  25:  161+7+5	0024  2808    				jr z,theend
  26:  168+11	0026  D300    				out (0),a
  27:  179+10	0028  110100  				ld de,0001h
  28:  189+11	002B  19      				add hl,de
  29:  200+12	002C  18F3    				jr loop
  30:     -	002E          	theend:					
  31:  212+10	002E  E1      				pop hl
  32:  222+10	002F  C9      				ret
  33:				
  34:				
  35:				        



Statistics:

     4	passes
     0	jr promotions
     5	symbols
    43	bytes



Symbol Table:

byteout           1a     
charout           16     
loop              21     
strout            1e     
theend            2e     
